// Jest Snapshot v1, https://goo.gl/fbAQLP

exports[`codegen element 1`] = `
"import { _createElementVnode as __createElementVnode } from vue
return function render(_ctx,_cache,$props,$setup,$data,$options){return _createElementVnode(\\"div\\"),null,'hi,')}"
`;

exports[`codegen interpolation 1`] = `
"import { _toDisplayString as __toDisplayString } from vue
return function render(_ctx,_cache,$props,$setup,$data,$options){return _toDisplayString(_ctx.message)}"
`;

exports[`codegen string 1`] = `"return function render(_ctx,_cache,$props,$setup,$data,$options){return 'hi'}"`;
